// Vitest Snapshot v1

exports[`Snapshots SongItem.vue > render correctly 1`] = `
<li
  class="flex justify-between items-center p-3 pl-6 cursor-pointer transition duration-300 hover:bg-white/[0.1]"
  id="song-abs"
>
  <div
    class="mr-3 max-w-[80%]"
  >
    <router-link-stub
      class="font-bold block text-white composition-name"
      custom="false"
      to="[object Object]"
    />
    <span
      class="text-white text-sm composition-author"
    >
      test
    </span>
  </div>
  <div
    class="text-white text-lg"
  >
    <router-link-stub
      custom="true"
      to="[object Object]"
    />
  </div>
</li>
`;
